anta@anta-VirtualBox:~$ sudo apt-get install vsftpd
[sudo] password for anta: 
Reading package lists... Done
Building dependency tree       
Reading state information... Done
The following packages were automatically installed and are no longer required:
  efibootmgr libfwup1 libwayland-egl1-mesa
Use 'sudo apt autoremove' to remove them.
The following NEW packages will be installed:
  vsftpd
0 upgraded, 1 newly installed, 0 to remove and 11 not upgraded.
Need to get 115 kB of archives.
After this operation, 334 kB of additional disk space will be used.
Get:1 http://lv.archive.ubuntu.com/ubuntu bionic/main amd64 vsftpd amd64 3.0.3-9build1 [115 kB]
Fetched 115 kB in 0s (370 kB/s)  
Preconfiguring packages ...
Selecting previously unselected package vsftpd.
(Reading database ... 170841 files and directories currently installed.)
Preparing to unpack .../vsftpd_3.0.3-9build1_amd64.deb ...
Unpacking vsftpd (3.0.3-9build1) ...
Setting up vsftpd (3.0.3-9build1) ...
Created symlink /etc/systemd/system/multi-user.target.wants/vsftpd.service → /lib/systemd/system/vsftpd.service.
Processing triggers for man-db (2.8.3-2ubuntu0.1) ...
Processing triggers for ureadahead (0.100.0-21) ...
Processing triggers for systemd (237-3ubuntu10.40) ...
anta@anta-VirtualBox:~$ vsftpd.conf
vsftpd.conf: command not found
anta@anta-VirtualBox:~$ man vsftpd.conf
anta@anta-VirtualBox:~$ sudo /etc/init.d/vsftpd restart
[sudo] password for anta: 
[ ok ] Restarting vsftpd (via systemctl): vsftpd.service.
anta@anta-VirtualBox:~$ sudo etc/init.d/vsftpd start
sudo: etc/init.d/vsftpd: command not found
anta@anta-VirtualBox:~$ etc/init.d/vsftpd start
-bash: etc/init.d/vsftpd: No such file or directory
anta@anta-VirtualBox:~$ sudo etc/init.d/vsftpd start
sudo: etc/init.d/vsftpd: command not found
anta@anta-VirtualBox:~$ sudo etc/init.d/vsftpd start
sudo: etc/init.d/vsftpd: command not found
anta@anta-VirtualBox:~$ sudo useradd -m user -s/usr/sbin/nologin
anta@anta-VirtualBox:~$ sudo passwd user
Enter new UNIX password: 
Retype new UNIX password: 
passwd: password updated successfully
anta@anta-VirtualBox:~$ sudo apt-get install filezilla
Reading package lists... Done
Building dependency tree       
Reading state information... Done
The following packages were automatically installed and are no longer required:
  efibootmgr libfwup1 libwayland-egl1-mesa
Use 'sudo apt autoremove' to remove them.
The following additional packages will be installed:
  filezilla-common libfilezilla0 libpugixml1v5 libwxbase3.0-0v5
  libwxgtk3.0-0v5
The following NEW packages will be installed:
  filezilla filezilla-common libfilezilla0 libpugixml1v5 libwxbase3.0-0v5
  libwxgtk3.0-0v5
0 upgraded, 6 newly installed, 0 to remove and 11 not upgraded.
Need to get 9 359 kB of archives.
After this operation, 38,1 MB of additional disk space will be used.
Do you want to continue? [Y/n] y
Get:1 http://lv.archive.ubuntu.com/ubuntu bionic/universe amd64 filezilla-common all 3.28.0-1 [2 301 kB]
Get:2 http://lv.archive.ubuntu.com/ubuntu bionic/universe amd64 libfilezilla0 amd64 0.11.0-1 [48,3 kB]
Get:3 http://lv.archive.ubuntu.com/ubuntu bionic/universe amd64 libpugixml1v5 amd64 1.8.1-7 [82,8 kB]
Get:4 http://lv.archive.ubuntu.com/ubuntu bionic/universe amd64 libwxbase3.0-0v5 amd64 3.0.4+dfsg-3 [954 kB]
Get:5 http://lv.archive.ubuntu.com/ubuntu bionic/universe amd64 libwxgtk3.0-0v5 amd64 3.0.4+dfsg-3 [4 182 kB]
Get:6 http://lv.archive.ubuntu.com/ubuntu bionic/universe amd64 filezilla amd64 3.28.0-1 [1 791 kB]
Fetched 9 359 kB in 5s (1 802 kB/s)        
Selecting previously unselected package filezilla-common.
(Reading database ... 170898 files and directories currently installed.)
Preparing to unpack .../0-filezilla-common_3.28.0-1_all.deb ...
Unpacking filezilla-common (3.28.0-1) ...
Selecting previously unselected package libfilezilla0.
Preparing to unpack .../1-libfilezilla0_0.11.0-1_amd64.deb ...
Unpacking libfilezilla0 (0.11.0-1) ...
Selecting previously unselected package libpugixml1v5:amd64.
Preparing to unpack .../2-libpugixml1v5_1.8.1-7_amd64.deb ...
Unpacking libpugixml1v5:amd64 (1.8.1-7) ...
Selecting previously unselected package libwxbase3.0-0v5:amd64.
Preparing to unpack .../3-libwxbase3.0-0v5_3.0.4+dfsg-3_amd64.deb ...
Unpacking libwxbase3.0-0v5:amd64 (3.0.4+dfsg-3) ...
Selecting previously unselected package libwxgtk3.0-0v5:amd64.
Preparing to unpack .../4-libwxgtk3.0-0v5_3.0.4+dfsg-3_amd64.deb ...
Unpacking libwxgtk3.0-0v5:amd64 (3.0.4+dfsg-3) ...
Selecting previously unselected package filezilla.
Preparing to unpack .../5-filezilla_3.28.0-1_amd64.deb ...
Unpacking filezilla (3.28.0-1) ...
Setting up libpugixml1v5:amd64 (1.8.1-7) ...
Setting up libwxbase3.0-0v5:amd64 (3.0.4+dfsg-3) ...
Setting up filezilla-common (3.28.0-1) ...
Setting up libfilezilla0 (0.11.0-1) ...
Setting up libwxgtk3.0-0v5:amd64 (3.0.4+dfsg-3) ...
Setting up filezilla (3.28.0-1) ...
Processing triggers for desktop-file-utils (0.23-1ubuntu3.18.04.2) ...
Processing triggers for libc-bin (2.27-3ubuntu1) ...
Processing triggers for man-db (2.8.3-2ubuntu0.1) ...
Processing triggers for gnome-menus (3.13.3-11ubuntu1.1) ...
Processing triggers for hicolor-icon-theme (0.17-2) ...
Processing triggers for mime-support (3.60ubuntu1) ...
anta@anta-VirtualBox:~$ sudo systemctl status vsftpd
● vsftpd.service - vsftpd FTP server
   Loaded: loaded (/lib/systemd/system/vsftpd.service; enabled; vendor preset: 
   Active: active (running) since Thu 2020-05-14 13:06:39 EEST; 5min ago
  Process: 14866 ExecStartPre=/bin/mkdir -p /var/run/vsftpd/empty (code=exited,
 Main PID: 14867 (vsftpd)
    Tasks: 1 (limit: 4915)
   CGroup: /system.slice/vsftpd.service
           └─14867 /usr/sbin/vsftpd /etc/vsftpd.conf

mai 14 13:06:39 anta-VirtualBox systemd[1]: Starting vsftpd FTP server...
mai 14 13:06:39 anta-VirtualBox systemd[1]: Started vsftpd FTP server.

[2]+  Stopped                 sudo systemctl status vsftpd
anta@anta-VirtualBox:~$ ip a | egrep "inet"
    inet 127.0.0.1/8 scope host lo
    inet6 ::1/128 scope host 
    inet 10.0.2.15/24 brd 10.0.2.255 scope global dynamic noprefixroute enp0s3
    inet6 fe80::2c31:46aa:cd89:24f8/64 scope link noprefixroute 
anta@anta-VirtualBox:~$ sudo apt update
Hit:1 http://lv.archive.ubuntu.com/ubuntu bionic InRelease
Get:2 http://lv.archive.ubuntu.com/ubuntu bionic-updates InRelease [88,7 kB]  
Get:3 http://lv.archive.ubuntu.com/ubuntu bionic-backports InRelease [74,6 kB]
Get:4 http://lv.archive.ubuntu.com/ubuntu bionic-updates/main amd64 Packages [932 kB]
Get:5 http://security.ubuntu.com/ubuntu bionic-security InRelease [88,7 kB]   
Get:6 http://security.ubuntu.com/ubuntu bionic-security/main amd64 DEP-11 Metadata [40,6 kB]
Get:7 http://lv.archive.ubuntu.com/ubuntu bionic-updates/main i386 Packages [676 kB]
Get:8 http://security.ubuntu.com/ubuntu bionic-security/universe amd64 DEP-11 Metadata [42,1 kB]
Get:9 http://security.ubuntu.com/ubuntu bionic-security/multiverse amd64 DEP-11 Metadata [2 464 B]
Get:10 http://lv.archive.ubuntu.com/ubuntu bionic-updates/universe amd64 Packages [1 068 kB]
Get:11 http://lv.archive.ubuntu.com/ubuntu bionic-updates/universe i386 Packages [1 014 kB]
Fetched 4 028 kB in 2s (1 879 kB/s)                              
Reading package lists... Done
Building dependency tree       
Reading state information... Done
11 packages can be upgraded. Run 'apt list --upgradable' to see them.
anta@anta-VirtualBox:~$ sudo apt install vsftpd
Reading package lists... Done
Building dependency tree       
Reading state information... Done
vsftpd is already the newest version (3.0.3-9build1).
The following packages were automatically installed and are no longer required:
  efibootmgr libfwup1 libwayland-egl1-mesa
Use 'sudo apt autoremove' to remove them.
0 upgraded, 0 newly installed, 0 to remove and 11 not upgraded.
anta@anta-VirtualBox:~$ sudo mv -v /etc/vsftpd.conf /etc/vsftpd.conf.bk
renamed '/etc/vsftpd.conf' -> '/etc/vsftpd.conf.bk'
anta@anta-VirtualBox:~$ sudo touch /etc/vsftpd.conf
anta@anta-VirtualBox:~$ less /etc/vsftpd.conf.bk

[3]+  Stopped                 less /etc/vsftpd.conf.bk
anta@anta-VirtualBox:~$ sudo nano /etc/vsftpd.conf
anta@anta-VirtualBox:~$ sudo nano /etc/vsftpd.userlist
anta@anta-VirtualBox:~$ sudo systemctl restart vsftpd
anta@anta-VirtualBox:~$ sudo systemctl status vsftpd
● vsftpd.service - vsftpd FTP server
   Loaded: loaded (/lib/systemd/system/vsftpd.service; enabled; vendor preset: 
   Active: active (running) since Thu 2020-05-14 13:24:17 EEST; 12s ago
  Process: 16284 ExecStartPre=/bin/mkdir -p /var/run/vsftpd/empty (code=exited,
 Main PID: 16285 (vsftpd)
    Tasks: 1 (limit: 4915)
   CGroup: /system.slice/vsftpd.service
           └─16285 /usr/sbin/vsftpd /etc/vsftpd.conf

mai 14 13:24:17 anta-VirtualBox systemd[1]: Starting vsftpd FTP server...
mai 14 13:24:17 anta-VirtualBox systemd[1]: Started vsftpd FTP server.

[4]+  Stopped                 sudo systemctl status vsftpd
anta@anta-VirtualBox:~$ sudo useradd -m anta
useradd: user 'anta' already exists
anta@anta-VirtualBox:~$ sudo nano /etc/vsftpd.userlist
Use "fg" to return to nano.

[5]+  Stopped                 sudo nano /etc/vsftpd.userlist
anta@anta-VirtualBox:~$ sudo nano /etc/vsftpd.userlist
anta@anta-VirtualBox:~$ sudo systemctl restart vsftpd
anta@anta-VirtualBox:~$ sudo systemctl status vsftpd
● vsftpd.service - vsftpd FTP server
   Loaded: loaded (/lib/systemd/system/vsftpd.service; enabled; vendor preset: 
   Active: active (running) since Thu 2020-05-14 13:28:10 EEST; 5s ago
  Process: 16302 ExecStartPre=/bin/mkdir -p /var/run/vsftpd/empty (code=exited,
 Main PID: 16303 (vsftpd)
    Tasks: 1 (limit: 4915)
   CGroup: /system.slice/vsftpd.service
           └─16303 /usr/sbin/vsftpd /etc/vsftpd.conf

mai 14 13:28:10 anta-VirtualBox systemd[1]: Stopped vsftpd FTP server.
mai 14 13:28:10 anta-VirtualBox systemd[1]: Starting vsftpd FTP server...
mai 14 13:28:10 anta-VirtualBox systemd[1]: Started vsftpd FTP server.

[6]+  Stopped                 sudo systemctl status vsftpd
anta@anta-VirtualBox:~$ sudo useradd -m tests
anta@anta-VirtualBox:~$ sudo passwd tests
Enter new UNIX password: 
Retype new UNIX password: 
passwd: password updated successfully
anta@anta-VirtualBox:~$ ip a | egrep "inet"
    inet 127.0.0.1/8 scope host lo
    inet6 ::1/128 scope host 
    inet 10.0.2.15/24 brd 10.0.2.255 scope global dynamic noprefixroute enp0s3
    inet6 fe80::2c31:46aa:cd89:24f8/64 scope link noprefixroute 


